Component: Arm Compiler for Embedded 6.21 Tool: armlink [5ec1fa00]

==============================================================================

Section Cross References

    stm32f10x_it.o(.ARM.exidx.text.NMI_Handler) refers to stm32f10x_it.o(.text.NMI_Handler) for [Anonymous Symbol]
    stm32f10x_it.o(.ARM.exidx.text.HardFault_Handler) refers to stm32f10x_it.o(.text.HardFault_Handler) for [Anonymous Symbol]
    stm32f10x_it.o(.ARM.exidx.text.MemManage_Handler) refers to stm32f10x_it.o(.text.MemManage_Handler) for [Anonymous Symbol]
    stm32f10x_it.o(.ARM.exidx.text.BusFault_Handler) refers to stm32f10x_it.o(.text.BusFault_Handler) for [Anonymous Symbol]
    stm32f10x_it.o(.ARM.exidx.text.UsageFault_Handler) refers to stm32f10x_it.o(.text.UsageFault_Handler) for [Anonymous Symbol]
    stm32f10x_it.o(.ARM.exidx.text.SVC_Handler) refers to stm32f10x_it.o(.text.SVC_Handler) for [Anonymous Symbol]
    stm32f10x_it.o(.ARM.exidx.text.DebugMon_Handler) refers to stm32f10x_it.o(.text.DebugMon_Handler) for [Anonymous Symbol]
    stm32f10x_it.o(.ARM.exidx.text.PendSV_Handler) refers to stm32f10x_it.o(.text.PendSV_Handler) for [Anonymous Symbol]
    stm32f10x_it.o(.ARM.exidx.text.SysTick_Handler) refers to stm32f10x_it.o(.text.SysTick_Handler) for [Anonymous Symbol]
    main.o(.ARM.exidx.text.main) refers to main.o(.text.main) for [Anonymous Symbol]
    startup_stm32f10x_hd.o(RESET) refers to startup_stm32f10x_hd.o(STACK) for __initial_sp
    startup_stm32f10x_hd.o(RESET) refers to startup_stm32f10x_hd.o(.text) for Reset_Handler
    startup_stm32f10x_hd.o(RESET) refers to stm32f10x_it.o(.text.NMI_Handler) for NMI_Handler
    startup_stm32f10x_hd.o(RESET) refers to stm32f10x_it.o(.text.HardFault_Handler) for HardFault_Handler
    startup_stm32f10x_hd.o(RESET) refers to stm32f10x_it.o(.text.MemManage_Handler) for MemManage_Handler
    startup_stm32f10x_hd.o(RESET) refers to stm32f10x_it.o(.text.BusFault_Handler) for BusFault_Handler
    startup_stm32f10x_hd.o(RESET) refers to stm32f10x_it.o(.text.UsageFault_Handler) for UsageFault_Handler
    startup_stm32f10x_hd.o(RESET) refers to stm32f10x_it.o(.text.SVC_Handler) for SVC_Handler
    startup_stm32f10x_hd.o(RESET) refers to stm32f10x_it.o(.text.DebugMon_Handler) for DebugMon_Handler
    startup_stm32f10x_hd.o(RESET) refers to stm32f10x_it.o(.text.PendSV_Handler) for PendSV_Handler
    startup_stm32f10x_hd.o(RESET) refers to stm32f10x_it.o(.text.SysTick_Handler) for SysTick_Handler
    startup_stm32f10x_hd.o(.text) refers to system_stm32f10x.o(.text.SystemInit) for SystemInit
    startup_stm32f10x_hd.o(.text) refers to entry.o(.ARM.Collect$$$$00000000) for __main
    system_stm32f10x.o(.text.SystemInit) refers to system_stm32f10x.o(.text.SetSysClock) for SetSysClock
    system_stm32f10x.o(.ARM.exidx.text.SystemInit) refers to system_stm32f10x.o(.text.SystemInit) for [Anonymous Symbol]
    system_stm32f10x.o(.text.SetSysClock) refers to system_stm32f10x.o(.text.SetSysClockTo72) for SetSysClockTo72
    system_stm32f10x.o(.ARM.exidx.text.SetSysClock) refers to system_stm32f10x.o(.text.SetSysClock) for [Anonymous Symbol]
    system_stm32f10x.o(.text.SystemCoreClockUpdate) refers to system_stm32f10x.o(.data.SystemCoreClock) for SystemCoreClock
    system_stm32f10x.o(.text.SystemCoreClockUpdate) refers to system_stm32f10x.o(.rodata.AHBPrescTable) for AHBPrescTable
    system_stm32f10x.o(.ARM.exidx.text.SystemCoreClockUpdate) refers to system_stm32f10x.o(.text.SystemCoreClockUpdate) for [Anonymous Symbol]
    system_stm32f10x.o(.ARM.exidx.text.SetSysClockTo72) refers to system_stm32f10x.o(.text.SetSysClockTo72) for [Anonymous Symbol]
    stm32f10x_gpio.o(.text.GPIO_DeInit) refers to stm32f10x_rcc.o(.text.RCC_APB2PeriphResetCmd) for RCC_APB2PeriphResetCmd
    stm32f10x_gpio.o(.ARM.exidx.text.GPIO_DeInit) refers to stm32f10x_gpio.o(.text.GPIO_DeInit) for [Anonymous Symbol]
    stm32f10x_gpio.o(.text.GPIO_AFIODeInit) refers to stm32f10x_rcc.o(.text.RCC_APB2PeriphResetCmd) for RCC_APB2PeriphResetCmd
    stm32f10x_gpio.o(.ARM.exidx.text.GPIO_AFIODeInit) refers to stm32f10x_gpio.o(.text.GPIO_AFIODeInit) for [Anonymous Symbol]
    stm32f10x_gpio.o(.ARM.exidx.text.GPIO_Init) refers to stm32f10x_gpio.o(.text.GPIO_Init) for [Anonymous Symbol]
    stm32f10x_gpio.o(.ARM.exidx.text.GPIO_StructInit) refers to stm32f10x_gpio.o(.text.GPIO_StructInit) for [Anonymous Symbol]
    stm32f10x_gpio.o(.ARM.exidx.text.GPIO_ReadInputDataBit) refers to stm32f10x_gpio.o(.text.GPIO_ReadInputDataBit) for [Anonymous Symbol]
    stm32f10x_gpio.o(.ARM.exidx.text.GPIO_ReadInputData) refers to stm32f10x_gpio.o(.text.GPIO_ReadInputData) for [Anonymous Symbol]
    stm32f10x_gpio.o(.ARM.exidx.text.GPIO_ReadOutputDataBit) refers to stm32f10x_gpio.o(.text.GPIO_ReadOutputDataBit) for [Anonymous Symbol]
    stm32f10x_gpio.o(.ARM.exidx.text.GPIO_ReadOutputData) refers to stm32f10x_gpio.o(.text.GPIO_ReadOutputData) for [Anonymous Symbol]
    stm32f10x_gpio.o(.ARM.exidx.text.GPIO_SetBits) refers to stm32f10x_gpio.o(.text.GPIO_SetBits) for [Anonymous Symbol]
    stm32f10x_gpio.o(.ARM.exidx.text.GPIO_ResetBits) refers to stm32f10x_gpio.o(.text.GPIO_ResetBits) for [Anonymous Symbol]
    stm32f10x_gpio.o(.ARM.exidx.text.GPIO_WriteBit) refers to stm32f10x_gpio.o(.text.GPIO_WriteBit) for [Anonymous Symbol]
    stm32f10x_gpio.o(.ARM.exidx.text.GPIO_Write) refers to stm32f10x_gpio.o(.text.GPIO_Write) for [Anonymous Symbol]
    stm32f10x_gpio.o(.ARM.exidx.text.GPIO_PinLockConfig) refers to stm32f10x_gpio.o(.text.GPIO_PinLockConfig) for [Anonymous Symbol]
    stm32f10x_gpio.o(.ARM.exidx.text.GPIO_EventOutputConfig) refers to stm32f10x_gpio.o(.text.GPIO_EventOutputConfig) for [Anonymous Symbol]
    stm32f10x_gpio.o(.ARM.exidx.text.GPIO_EventOutputCmd) refers to stm32f10x_gpio.o(.text.GPIO_EventOutputCmd) for [Anonymous Symbol]
    stm32f10x_gpio.o(.ARM.exidx.text.GPIO_PinRemapConfig) refers to stm32f10x_gpio.o(.text.GPIO_PinRemapConfig) for [Anonymous Symbol]
    stm32f10x_gpio.o(.ARM.exidx.text.GPIO_EXTILineConfig) refers to stm32f10x_gpio.o(.text.GPIO_EXTILineConfig) for [Anonymous Symbol]
    stm32f10x_gpio.o(.ARM.exidx.text.GPIO_ETH_MediaInterfaceConfig) refers to stm32f10x_gpio.o(.text.GPIO_ETH_MediaInterfaceConfig) for [Anonymous Symbol]
    stm32f10x_rcc.o(.ARM.exidx.text.RCC_DeInit) refers to stm32f10x_rcc.o(.text.RCC_DeInit) for [Anonymous Symbol]
    stm32f10x_rcc.o(.ARM.exidx.text.RCC_HSEConfig) refers to stm32f10x_rcc.o(.text.RCC_HSEConfig) for [Anonymous Symbol]
    stm32f10x_rcc.o(.text.RCC_WaitForHSEStartUp) refers to stm32f10x_rcc.o(.text.RCC_GetFlagStatus) for RCC_GetFlagStatus
    stm32f10x_rcc.o(.ARM.exidx.text.RCC_WaitForHSEStartUp) refers to stm32f10x_rcc.o(.text.RCC_WaitForHSEStartUp) for [Anonymous Symbol]
    stm32f10x_rcc.o(.ARM.exidx.text.RCC_GetFlagStatus) refers to stm32f10x_rcc.o(.text.RCC_GetFlagStatus) for [Anonymous Symbol]
    stm32f10x_rcc.o(.ARM.exidx.text.RCC_AdjustHSICalibrationValue) refers to stm32f10x_rcc.o(.text.RCC_AdjustHSICalibrationValue) for [Anonymous Symbol]
    stm32f10x_rcc.o(.ARM.exidx.text.RCC_HSICmd) refers to stm32f10x_rcc.o(.text.RCC_HSICmd) for [Anonymous Symbol]
    stm32f10x_rcc.o(.ARM.exidx.text.RCC_PLLConfig) refers to stm32f10x_rcc.o(.text.RCC_PLLConfig) for [Anonymous Symbol]
    stm32f10x_rcc.o(.ARM.exidx.text.RCC_PLLCmd) refers to stm32f10x_rcc.o(.text.RCC_PLLCmd) for [Anonymous Symbol]
    stm32f10x_rcc.o(.ARM.exidx.text.RCC_SYSCLKConfig) refers to stm32f10x_rcc.o(.text.RCC_SYSCLKConfig) for [Anonymous Symbol]
    stm32f10x_rcc.o(.ARM.exidx.text.RCC_GetSYSCLKSource) refers to stm32f10x_rcc.o(.text.RCC_GetSYSCLKSource) for [Anonymous Symbol]
    stm32f10x_rcc.o(.ARM.exidx.text.RCC_HCLKConfig) refers to stm32f10x_rcc.o(.text.RCC_HCLKConfig) for [Anonymous Symbol]
    stm32f10x_rcc.o(.ARM.exidx.text.RCC_PCLK1Config) refers to stm32f10x_rcc.o(.text.RCC_PCLK1Config) for [Anonymous Symbol]
    stm32f10x_rcc.o(.ARM.exidx.text.RCC_PCLK2Config) refers to stm32f10x_rcc.o(.text.RCC_PCLK2Config) for [Anonymous Symbol]
    stm32f10x_rcc.o(.ARM.exidx.text.RCC_ITConfig) refers to stm32f10x_rcc.o(.text.RCC_ITConfig) for [Anonymous Symbol]
    stm32f10x_rcc.o(.ARM.exidx.text.RCC_USBCLKConfig) refers to stm32f10x_rcc.o(.text.RCC_USBCLKConfig) for [Anonymous Symbol]
    stm32f10x_rcc.o(.ARM.exidx.text.RCC_ADCCLKConfig) refers to stm32f10x_rcc.o(.text.RCC_ADCCLKConfig) for [Anonymous Symbol]
    stm32f10x_rcc.o(.ARM.exidx.text.RCC_LSEConfig) refers to stm32f10x_rcc.o(.text.RCC_LSEConfig) for [Anonymous Symbol]
    stm32f10x_rcc.o(.ARM.exidx.text.RCC_LSICmd) refers to stm32f10x_rcc.o(.text.RCC_LSICmd) for [Anonymous Symbol]
    stm32f10x_rcc.o(.ARM.exidx.text.RCC_RTCCLKConfig) refers to stm32f10x_rcc.o(.text.RCC_RTCCLKConfig) for [Anonymous Symbol]
    stm32f10x_rcc.o(.ARM.exidx.text.RCC_RTCCLKCmd) refers to stm32f10x_rcc.o(.text.RCC_RTCCLKCmd) for [Anonymous Symbol]
    stm32f10x_rcc.o(.text.RCC_GetClocksFreq) refers to stm32f10x_rcc.o(.rodata.APBAHBPrescTable) for APBAHBPrescTable
    stm32f10x_rcc.o(.text.RCC_GetClocksFreq) refers to stm32f10x_rcc.o(.rodata.ADCPrescTable) for ADCPrescTable
    stm32f10x_rcc.o(.ARM.exidx.text.RCC_GetClocksFreq) refers to stm32f10x_rcc.o(.text.RCC_GetClocksFreq) for [Anonymous Symbol]
    stm32f10x_rcc.o(.ARM.exidx.text.RCC_AHBPeriphClockCmd) refers to stm32f10x_rcc.o(.text.RCC_AHBPeriphClockCmd) for [Anonymous Symbol]
    stm32f10x_rcc.o(.ARM.exidx.text.RCC_APB2PeriphClockCmd) refers to stm32f10x_rcc.o(.text.RCC_APB2PeriphClockCmd) for [Anonymous Symbol]
    stm32f10x_rcc.o(.ARM.exidx.text.RCC_APB1PeriphClockCmd) refers to stm32f10x_rcc.o(.text.RCC_APB1PeriphClockCmd) for [Anonymous Symbol]
    stm32f10x_rcc.o(.ARM.exidx.text.RCC_APB2PeriphResetCmd) refers to stm32f10x_rcc.o(.text.RCC_APB2PeriphResetCmd) for [Anonymous Symbol]
    stm32f10x_rcc.o(.ARM.exidx.text.RCC_APB1PeriphResetCmd) refers to stm32f10x_rcc.o(.text.RCC_APB1PeriphResetCmd) for [Anonymous Symbol]
    stm32f10x_rcc.o(.ARM.exidx.text.RCC_BackupResetCmd) refers to stm32f10x_rcc.o(.text.RCC_BackupResetCmd) for [Anonymous Symbol]
    stm32f10x_rcc.o(.ARM.exidx.text.RCC_ClockSecuritySystemCmd) refers to stm32f10x_rcc.o(.text.RCC_ClockSecuritySystemCmd) for [Anonymous Symbol]
    stm32f10x_rcc.o(.ARM.exidx.text.RCC_MCOConfig) refers to stm32f10x_rcc.o(.text.RCC_MCOConfig) for [Anonymous Symbol]
    stm32f10x_rcc.o(.ARM.exidx.text.RCC_ClearFlag) refers to stm32f10x_rcc.o(.text.RCC_ClearFlag) for [Anonymous Symbol]
    stm32f10x_rcc.o(.ARM.exidx.text.RCC_GetITStatus) refers to stm32f10x_rcc.o(.text.RCC_GetITStatus) for [Anonymous Symbol]
    stm32f10x_rcc.o(.ARM.exidx.text.RCC_ClearITPendingBit) refers to stm32f10x_rcc.o(.text.RCC_ClearITPendingBit) for [Anonymous Symbol]
    entry.o(.ARM.Collect$$$$00000000) refers (Special) to entry10a.o(.ARM.Collect$$$$0000000D) for __rt_final_cpp
    entry.o(.ARM.Collect$$$$00000000) refers (Special) to entry11a.o(.ARM.Collect$$$$0000000F) for __rt_final_exit
    entry.o(.ARM.Collect$$$$00000000) refers (Special) to entry7b.o(.ARM.Collect$$$$00000008) for _main_clock
    entry.o(.ARM.Collect$$$$00000000) refers (Special) to entry8b.o(.ARM.Collect$$$$0000000A) for _main_cpp_init
    entry.o(.ARM.Collect$$$$00000000) refers (Special) to entry9a.o(.ARM.Collect$$$$0000000B) for _main_init
    entry.o(.ARM.Collect$$$$00000000) refers (Special) to entry5.o(.ARM.Collect$$$$00000004) for _main_scatterload
    entry.o(.ARM.Collect$$$$00000000) refers (Special) to entry2.o(.ARM.Collect$$$$00000001) for _main_stk
    entry2.o(.ARM.Collect$$$$00000001) refers to entry2.o(.ARM.Collect$$$$00002712) for __lit__00000000
    entry2.o(.ARM.Collect$$$$00002712) refers to startup_stm32f10x_hd.o(STACK) for __initial_sp
    entry2.o(__vectab_stack_and_reset_area) refers to startup_stm32f10x_hd.o(STACK) for __initial_sp
    entry2.o(__vectab_stack_and_reset_area) refers to entry.o(.ARM.Collect$$$$00000000) for __main
    entry5.o(.ARM.Collect$$$$00000004) refers to init.o(.text) for __scatterload
    entry9a.o(.ARM.Collect$$$$0000000B) refers to main.o(.text.main) for main
    entry9b.o(.ARM.Collect$$$$0000000C) refers to main.o(.text.main) for main
    init.o(.text) refers to entry5.o(.ARM.Collect$$$$00000004) for __main_after_scatterload


==============================================================================

Removing Unused input sections from the image.

    Removing stm32f10x_it.o(.text), (0 bytes).
    Removing stm32f10x_it.o(.ARM.exidx.text.NMI_Handler), (8 bytes).
    Removing stm32f10x_it.o(.ARM.exidx.text.HardFault_Handler), (8 bytes).
    Removing stm32f10x_it.o(.ARM.exidx.text.MemManage_Handler), (8 bytes).
    Removing stm32f10x_it.o(.ARM.exidx.text.BusFault_Handler), (8 bytes).
    Removing stm32f10x_it.o(.ARM.exidx.text.UsageFault_Handler), (8 bytes).
    Removing stm32f10x_it.o(.ARM.exidx.text.SVC_Handler), (8 bytes).
    Removing stm32f10x_it.o(.ARM.exidx.text.DebugMon_Handler), (8 bytes).
    Removing stm32f10x_it.o(.ARM.exidx.text.PendSV_Handler), (8 bytes).
    Removing stm32f10x_it.o(.ARM.exidx.text.SysTick_Handler), (8 bytes).
    Removing main.o(.text), (0 bytes).
    Removing main.o(.ARM.exidx.text.main), (8 bytes).
    Removing main.o(.ARM.use_no_argv), (4 bytes).
    Removing startup_stm32f10x_hd.o(HEAP), (512 bytes).
    Removing system_stm32f10x.o(.text), (0 bytes).
    Removing system_stm32f10x.o(.ARM.exidx.text.SystemInit), (8 bytes).
    Removing system_stm32f10x.o(.ARM.exidx.text.SetSysClock), (8 bytes).
    Removing system_stm32f10x.o(.text.SystemCoreClockUpdate), (290 bytes).
    Removing system_stm32f10x.o(.ARM.exidx.text.SystemCoreClockUpdate), (8 bytes).
    Removing system_stm32f10x.o(.ARM.exidx.text.SetSysClockTo72), (8 bytes).
    Removing system_stm32f10x.o(.data.SystemCoreClock), (4 bytes).
    Removing system_stm32f10x.o(.rodata.AHBPrescTable), (16 bytes).
    Removing stm32f10x_gpio.o(.text), (0 bytes).
    Removing stm32f10x_gpio.o(.text.GPIO_DeInit), (276 bytes).
    Removing stm32f10x_gpio.o(.ARM.exidx.text.GPIO_DeInit), (8 bytes).
    Removing stm32f10x_gpio.o(.text.GPIO_AFIODeInit), (26 bytes).
    Removing stm32f10x_gpio.o(.ARM.exidx.text.GPIO_AFIODeInit), (8 bytes).
    Removing stm32f10x_gpio.o(.text.GPIO_Init), (390 bytes).
    Removing stm32f10x_gpio.o(.ARM.exidx.text.GPIO_Init), (8 bytes).
    Removing stm32f10x_gpio.o(.text.GPIO_StructInit), (28 bytes).
    Removing stm32f10x_gpio.o(.ARM.exidx.text.GPIO_StructInit), (8 bytes).
    Removing stm32f10x_gpio.o(.text.GPIO_ReadInputDataBit), (52 bytes).
    Removing stm32f10x_gpio.o(.ARM.exidx.text.GPIO_ReadInputDataBit), (8 bytes).
    Removing stm32f10x_gpio.o(.text.GPIO_ReadInputData), (14 bytes).
    Removing stm32f10x_gpio.o(.ARM.exidx.text.GPIO_ReadInputData), (8 bytes).
    Removing stm32f10x_gpio.o(.text.GPIO_ReadOutputDataBit), (52 bytes).
    Removing stm32f10x_gpio.o(.ARM.exidx.text.GPIO_ReadOutputDataBit), (8 bytes).
    Removing stm32f10x_gpio.o(.text.GPIO_ReadOutputData), (14 bytes).
    Removing stm32f10x_gpio.o(.ARM.exidx.text.GPIO_ReadOutputData), (8 bytes).
    Removing stm32f10x_gpio.o(.text.GPIO_SetBits), (20 bytes).
    Removing stm32f10x_gpio.o(.ARM.exidx.text.GPIO_SetBits), (8 bytes).
    Removing stm32f10x_gpio.o(.text.GPIO_ResetBits), (20 bytes).
    Removing stm32f10x_gpio.o(.ARM.exidx.text.GPIO_ResetBits), (8 bytes).
    Removing stm32f10x_gpio.o(.text.GPIO_WriteBit), (44 bytes).
    Removing stm32f10x_gpio.o(.ARM.exidx.text.GPIO_WriteBit), (8 bytes).
    Removing stm32f10x_gpio.o(.text.GPIO_Write), (20 bytes).
    Removing stm32f10x_gpio.o(.ARM.exidx.text.GPIO_Write), (8 bytes).
    Removing stm32f10x_gpio.o(.text.GPIO_PinLockConfig), (60 bytes).
    Removing stm32f10x_gpio.o(.ARM.exidx.text.GPIO_PinLockConfig), (8 bytes).
    Removing stm32f10x_gpio.o(.text.GPIO_EventOutputConfig), (64 bytes).
    Removing stm32f10x_gpio.o(.ARM.exidx.text.GPIO_EventOutputConfig), (8 bytes).
    Removing stm32f10x_gpio.o(.text.GPIO_EventOutputCmd), (22 bytes).
    Removing stm32f10x_gpio.o(.ARM.exidx.text.GPIO_EventOutputCmd), (8 bytes).
    Removing stm32f10x_gpio.o(.text.GPIO_PinRemapConfig), (250 bytes).
    Removing stm32f10x_gpio.o(.ARM.exidx.text.GPIO_PinRemapConfig), (8 bytes).
    Removing stm32f10x_gpio.o(.text.GPIO_EXTILineConfig), (84 bytes).
    Removing stm32f10x_gpio.o(.ARM.exidx.text.GPIO_EXTILineConfig), (8 bytes).
    Removing stm32f10x_gpio.o(.text.GPIO_ETH_MediaInterfaceConfig), (18 bytes).
    Removing stm32f10x_gpio.o(.ARM.exidx.text.GPIO_ETH_MediaInterfaceConfig), (8 bytes).
    Removing stm32f10x_rcc.o(.text), (0 bytes).
    Removing stm32f10x_rcc.o(.text.RCC_DeInit), (82 bytes).
    Removing stm32f10x_rcc.o(.ARM.exidx.text.RCC_DeInit), (8 bytes).
    Removing stm32f10x_rcc.o(.text.RCC_HSEConfig), (92 bytes).
    Removing stm32f10x_rcc.o(.ARM.exidx.text.RCC_HSEConfig), (8 bytes).
    Removing stm32f10x_rcc.o(.text.RCC_WaitForHSEStartUp), (108 bytes).
    Removing stm32f10x_rcc.o(.ARM.exidx.text.RCC_WaitForHSEStartUp), (8 bytes).
    Removing stm32f10x_rcc.o(.text.RCC_GetFlagStatus), (130 bytes).
    Removing stm32f10x_rcc.o(.ARM.exidx.text.RCC_GetFlagStatus), (8 bytes).
    Removing stm32f10x_rcc.o(.text.RCC_AdjustHSICalibrationValue), (50 bytes).
    Removing stm32f10x_rcc.o(.ARM.exidx.text.RCC_AdjustHSICalibrationValue), (8 bytes).
    Removing stm32f10x_rcc.o(.text.RCC_HSICmd), (22 bytes).
    Removing stm32f10x_rcc.o(.ARM.exidx.text.RCC_HSICmd), (8 bytes).
    Removing stm32f10x_rcc.o(.text.RCC_PLLConfig), (50 bytes).
    Removing stm32f10x_rcc.o(.ARM.exidx.text.RCC_PLLConfig), (8 bytes).
    Removing stm32f10x_rcc.o(.text.RCC_PLLCmd), (22 bytes).
    Removing stm32f10x_rcc.o(.ARM.exidx.text.RCC_PLLCmd), (8 bytes).
    Removing stm32f10x_rcc.o(.text.RCC_SYSCLKConfig), (44 bytes).
    Removing stm32f10x_rcc.o(.ARM.exidx.text.RCC_SYSCLKConfig), (8 bytes).
    Removing stm32f10x_rcc.o(.text.RCC_GetSYSCLKSource), (16 bytes).
    Removing stm32f10x_rcc.o(.ARM.exidx.text.RCC_GetSYSCLKSource), (8 bytes).
    Removing stm32f10x_rcc.o(.text.RCC_HCLKConfig), (44 bytes).
    Removing stm32f10x_rcc.o(.ARM.exidx.text.RCC_HCLKConfig), (8 bytes).
    Removing stm32f10x_rcc.o(.text.RCC_PCLK1Config), (44 bytes).
    Removing stm32f10x_rcc.o(.ARM.exidx.text.RCC_PCLK1Config), (8 bytes).
    Removing stm32f10x_rcc.o(.text.RCC_PCLK2Config), (46 bytes).
    Removing stm32f10x_rcc.o(.ARM.exidx.text.RCC_PCLK2Config), (8 bytes).
    Removing stm32f10x_rcc.o(.text.RCC_ITConfig), (62 bytes).
    Removing stm32f10x_rcc.o(.ARM.exidx.text.RCC_ITConfig), (8 bytes).
    Removing stm32f10x_rcc.o(.text.RCC_USBCLKConfig), (18 bytes).
    Removing stm32f10x_rcc.o(.ARM.exidx.text.RCC_USBCLKConfig), (8 bytes).
    Removing stm32f10x_rcc.o(.text.RCC_ADCCLKConfig), (44 bytes).
    Removing stm32f10x_rcc.o(.ARM.exidx.text.RCC_ADCCLKConfig), (8 bytes).
    Removing stm32f10x_rcc.o(.text.RCC_LSEConfig), (76 bytes).
    Removing stm32f10x_rcc.o(.ARM.exidx.text.RCC_LSEConfig), (8 bytes).
    Removing stm32f10x_rcc.o(.text.RCC_LSICmd), (24 bytes).
    Removing stm32f10x_rcc.o(.ARM.exidx.text.RCC_LSICmd), (8 bytes).
    Removing stm32f10x_rcc.o(.text.RCC_RTCCLKConfig), (24 bytes).
    Removing stm32f10x_rcc.o(.ARM.exidx.text.RCC_RTCCLKConfig), (8 bytes).
    Removing stm32f10x_rcc.o(.text.RCC_RTCCLKCmd), (24 bytes).
    Removing stm32f10x_rcc.o(.ARM.exidx.text.RCC_RTCCLKCmd), (8 bytes).
    Removing stm32f10x_rcc.o(.text.RCC_GetClocksFreq), (370 bytes).
    Removing stm32f10x_rcc.o(.ARM.exidx.text.RCC_GetClocksFreq), (8 bytes).
    Removing stm32f10x_rcc.o(.text.RCC_AHBPeriphClockCmd), (56 bytes).
    Removing stm32f10x_rcc.o(.ARM.exidx.text.RCC_AHBPeriphClockCmd), (8 bytes).
    Removing stm32f10x_rcc.o(.text.RCC_APB2PeriphClockCmd), (56 bytes).
    Removing stm32f10x_rcc.o(.ARM.exidx.text.RCC_APB2PeriphClockCmd), (8 bytes).
    Removing stm32f10x_rcc.o(.text.RCC_APB1PeriphClockCmd), (56 bytes).
    Removing stm32f10x_rcc.o(.ARM.exidx.text.RCC_APB1PeriphClockCmd), (8 bytes).
    Removing stm32f10x_rcc.o(.text.RCC_APB2PeriphResetCmd), (56 bytes).
    Removing stm32f10x_rcc.o(.ARM.exidx.text.RCC_APB2PeriphResetCmd), (8 bytes).
    Removing stm32f10x_rcc.o(.text.RCC_APB1PeriphResetCmd), (56 bytes).
    Removing stm32f10x_rcc.o(.ARM.exidx.text.RCC_APB1PeriphResetCmd), (8 bytes).
    Removing stm32f10x_rcc.o(.text.RCC_BackupResetCmd), (24 bytes).
    Removing stm32f10x_rcc.o(.ARM.exidx.text.RCC_BackupResetCmd), (8 bytes).
    Removing stm32f10x_rcc.o(.text.RCC_ClockSecuritySystemCmd), (22 bytes).
    Removing stm32f10x_rcc.o(.ARM.exidx.text.RCC_ClockSecuritySystemCmd), (8 bytes).
    Removing stm32f10x_rcc.o(.text.RCC_MCOConfig), (24 bytes).
    Removing stm32f10x_rcc.o(.ARM.exidx.text.RCC_MCOConfig), (8 bytes).
    Removing stm32f10x_rcc.o(.text.RCC_ClearFlag), (18 bytes).
    Removing stm32f10x_rcc.o(.ARM.exidx.text.RCC_ClearFlag), (8 bytes).
    Removing stm32f10x_rcc.o(.text.RCC_GetITStatus), (56 bytes).
    Removing stm32f10x_rcc.o(.ARM.exidx.text.RCC_GetITStatus), (8 bytes).
    Removing stm32f10x_rcc.o(.text.RCC_ClearITPendingBit), (24 bytes).
    Removing stm32f10x_rcc.o(.ARM.exidx.text.RCC_ClearITPendingBit), (8 bytes).
    Removing stm32f10x_rcc.o(.rodata.APBAHBPrescTable), (16 bytes).
    Removing stm32f10x_rcc.o(.rodata.ADCPrescTable), (4 bytes).

126 unused section(s) (total 4652 bytes) removed from the image.

==============================================================================

Image Symbol Table

    Local Symbols

    Symbol Name                              Value     Ov Type        Size  Object(Section)

    ../clib/microlib/init/entry.s            0x00000000   Number         0  entry.o ABSOLUTE
    ../clib/microlib/init/entry.s            0x00000000   Number         0  entry2.o ABSOLUTE
    ../clib/microlib/init/entry.s            0x00000000   Number         0  entry5.o ABSOLUTE
    ../clib/microlib/init/entry.s            0x00000000   Number         0  entry7a.o ABSOLUTE
    ../clib/microlib/init/entry.s            0x00000000   Number         0  entry7b.o ABSOLUTE
    ../clib/microlib/init/entry.s            0x00000000   Number         0  entry8a.o ABSOLUTE
    ../clib/microlib/init/entry.s            0x00000000   Number         0  entry8b.o ABSOLUTE
    ../clib/microlib/init/entry.s            0x00000000   Number         0  entry9a.o ABSOLUTE
    ../clib/microlib/init/entry.s            0x00000000   Number         0  entry9b.o ABSOLUTE
    ../clib/microlib/init/entry.s            0x00000000   Number         0  entry10a.o ABSOLUTE
    ../clib/microlib/init/entry.s            0x00000000   Number         0  entry10b.o ABSOLUTE
    ../clib/microlib/init/entry.s            0x00000000   Number         0  entry11a.o ABSOLUTE
    ../clib/microlib/init/entry.s            0x00000000   Number         0  entry11b.o ABSOLUTE
    dc.s                                     0x00000000   Number         0  dc.o ABSOLUTE
    handlers.s                               0x00000000   Number         0  handlers.o ABSOLUTE
    init.s                                   0x00000000   Number         0  init.o ABSOLUTE
    libraries/CM3/startup_stm32f10x_hd.s     0x00000000   Number         0  startup_stm32f10x_hd.o ABSOLUTE
    main.c                                   0x00000000   Number         0  main.o ABSOLUTE
    stm32f10x_gpio.c                         0x00000000   Number         0  stm32f10x_gpio.o ABSOLUTE
    stm32f10x_it.c                           0x00000000   Number         0  stm32f10x_it.o ABSOLUTE
    stm32f10x_rcc.c                          0x00000000   Number         0  stm32f10x_rcc.o ABSOLUTE
    system_stm32f10x.c                       0x00000000   Number         0  system_stm32f10x.o ABSOLUTE
    RESET                                    0x08000000   Section      304  startup_stm32f10x_hd.o(RESET)
    .ARM.Collect$$$$00000000                 0x08000130   Section        0  entry.o(.ARM.Collect$$$$00000000)
    .ARM.Collect$$$$00000001                 0x08000130   Section        4  entry2.o(.ARM.Collect$$$$00000001)
    .ARM.Collect$$$$00000004                 0x08000134   Section        4  entry5.o(.ARM.Collect$$$$00000004)
    .ARM.Collect$$$$00000008                 0x08000138   Section        0  entry7b.o(.ARM.Collect$$$$00000008)
    .ARM.Collect$$$$0000000A                 0x08000138   Section        0  entry8b.o(.ARM.Collect$$$$0000000A)
    .ARM.Collect$$$$0000000B                 0x08000138   Section        8  entry9a.o(.ARM.Collect$$$$0000000B)
    __lit__00000000                          0x08000140   Data           4  entry2.o(.ARM.Collect$$$$00002712)
    .ARM.Collect$$$$0000000D                 0x08000140   Section        0  entry10a.o(.ARM.Collect$$$$0000000D)
    .ARM.Collect$$$$0000000F                 0x08000140   Section        0  entry11a.o(.ARM.Collect$$$$0000000F)
    .ARM.Collect$$$$00002712                 0x08000140   Section        4  entry2.o(.ARM.Collect$$$$00002712)
    .text                                    0x08000144   Section       36  startup_stm32f10x_hd.o(.text)
    .text                                    0x08000168   Section       48  init.o(.text)
    [Anonymous Symbol]                       0x08000198   Section        0  stm32f10x_it.o(.text.BusFault_Handler)
    [Anonymous Symbol]                       0x0800019c   Section        0  stm32f10x_it.o(.text.DebugMon_Handler)
    [Anonymous Symbol]                       0x080001a0   Section        0  stm32f10x_it.o(.text.HardFault_Handler)
    [Anonymous Symbol]                       0x080001a4   Section        0  stm32f10x_it.o(.text.MemManage_Handler)
    [Anonymous Symbol]                       0x080001a8   Section        0  stm32f10x_it.o(.text.NMI_Handler)
    [Anonymous Symbol]                       0x080001ac   Section        0  stm32f10x_it.o(.text.PendSV_Handler)
    [Anonymous Symbol]                       0x080001b0   Section        0  stm32f10x_it.o(.text.SVC_Handler)
    SetSysClock                              0x080001b5   Thumb Code     8  system_stm32f10x.o(.text.SetSysClock)
    [Anonymous Symbol]                       0x080001b4   Section        0  system_stm32f10x.o(.text.SetSysClock)
    SetSysClockTo72                          0x080001bd   Thumb Code   290  system_stm32f10x.o(.text.SetSysClockTo72)
    [Anonymous Symbol]                       0x080001bc   Section        0  system_stm32f10x.o(.text.SetSysClockTo72)
    [Anonymous Symbol]                       0x080002e0   Section        0  stm32f10x_it.o(.text.SysTick_Handler)
    [Anonymous Symbol]                       0x080002e4   Section        0  system_stm32f10x.o(.text.SystemInit)
    [Anonymous Symbol]                       0x0800034c   Section        0  stm32f10x_it.o(.text.UsageFault_Handler)
    [Anonymous Symbol]                       0x08000350   Section        0  main.o(.text.main)
    i.__scatterload_copy                     0x0800035a   Section       14  handlers.o(i.__scatterload_copy)
    i.__scatterload_null                     0x08000368   Section        2  handlers.o(i.__scatterload_null)
    i.__scatterload_zeroinit                 0x0800036a   Section       14  handlers.o(i.__scatterload_zeroinit)
    STACK                                    0x20000000   Section     1024  startup_stm32f10x_hd.o(STACK)

    Global Symbols

    Symbol Name                              Value     Ov Type        Size  Object(Section)

    BuildAttributes$$THM_ISAv4$P$D$K$B$S$PE$A:L22UL41UL21$X:L11$S22US41US21$IEEE1$IW$~IW$USESV6$~STKCKD$USESV7$~SHL$OSPACE$EBA8$MICROLIB$REQ8$PRES8$EABIv2 0x00000000   Number         0  anon$$obj.o ABSOLUTE
    __cpp_initialize__aeabi_                  - Undefined Weak Reference
    __cxa_finalize                            - Undefined Weak Reference
    __decompress                              - Undefined Weak Reference
    _clock_init                               - Undefined Weak Reference
    _microlib_exit                            - Undefined Weak Reference
    __Vectors_Size                           0x00000130   Number         0  startup_stm32f10x_hd.o ABSOLUTE
    __Vectors                                0x08000000   Data           4  startup_stm32f10x_hd.o(RESET)
    __Vectors_End                            0x08000130   Data           0  startup_stm32f10x_hd.o(RESET)
    __main                                   0x08000131   Thumb Code     0  entry.o(.ARM.Collect$$$$00000000)
    _main_stk                                0x08000131   Thumb Code     0  entry2.o(.ARM.Collect$$$$00000001)
    _main_scatterload                        0x08000135   Thumb Code     0  entry5.o(.ARM.Collect$$$$00000004)
    __main_after_scatterload                 0x08000139   Thumb Code     0  entry5.o(.ARM.Collect$$$$00000004)
    _main_clock                              0x08000139   Thumb Code     0  entry7b.o(.ARM.Collect$$$$00000008)
    _main_cpp_init                           0x08000139   Thumb Code     0  entry8b.o(.ARM.Collect$$$$0000000A)
    _main_init                               0x08000139   Thumb Code     0  entry9a.o(.ARM.Collect$$$$0000000B)
    __rt_final_cpp                           0x08000141   Thumb Code     0  entry10a.o(.ARM.Collect$$$$0000000D)
    __rt_final_exit                          0x08000141   Thumb Code     0  entry11a.o(.ARM.Collect$$$$0000000F)
    Reset_Handler                            0x08000145   Thumb Code     8  startup_stm32f10x_hd.o(.text)
    ADC1_2_IRQHandler                        0x0800015f   Thumb Code     0  startup_stm32f10x_hd.o(.text)
    ADC3_IRQHandler                          0x0800015f   Thumb Code     0  startup_stm32f10x_hd.o(.text)
    CAN1_RX1_IRQHandler                      0x0800015f   Thumb Code     0  startup_stm32f10x_hd.o(.text)
    CAN1_SCE_IRQHandler                      0x0800015f   Thumb Code     0  startup_stm32f10x_hd.o(.text)
    DMA1_Channel1_IRQHandler                 0x0800015f   Thumb Code     0  startup_stm32f10x_hd.o(.text)
    DMA1_Channel2_IRQHandler                 0x0800015f   Thumb Code     0  startup_stm32f10x_hd.o(.text)
    DMA1_Channel3_IRQHandler                 0x0800015f   Thumb Code     0  startup_stm32f10x_hd.o(.text)
    DMA1_Channel4_IRQHandler                 0x0800015f   Thumb Code     0  startup_stm32f10x_hd.o(.text)
    DMA1_Channel5_IRQHandler                 0x0800015f   Thumb Code     0  startup_stm32f10x_hd.o(.text)
    DMA1_Channel6_IRQHandler                 0x0800015f   Thumb Code     0  startup_stm32f10x_hd.o(.text)
    DMA1_Channel7_IRQHandler                 0x0800015f   Thumb Code     0  startup_stm32f10x_hd.o(.text)
    DMA2_Channel1_IRQHandler                 0x0800015f   Thumb Code     0  startup_stm32f10x_hd.o(.text)
    DMA2_Channel2_IRQHandler                 0x0800015f   Thumb Code     0  startup_stm32f10x_hd.o(.text)
    DMA2_Channel3_IRQHandler                 0x0800015f   Thumb Code     0  startup_stm32f10x_hd.o(.text)
    DMA2_Channel4_5_IRQHandler               0x0800015f   Thumb Code     0  startup_stm32f10x_hd.o(.text)
    EXTI0_IRQHandler                         0x0800015f   Thumb Code     0  startup_stm32f10x_hd.o(.text)
    EXTI15_10_IRQHandler                     0x0800015f   Thumb Code     0  startup_stm32f10x_hd.o(.text)
    EXTI1_IRQHandler                         0x0800015f   Thumb Code     0  startup_stm32f10x_hd.o(.text)
    EXTI2_IRQHandler                         0x0800015f   Thumb Code     0  startup_stm32f10x_hd.o(.text)
    EXTI3_IRQHandler                         0x0800015f   Thumb Code     0  startup_stm32f10x_hd.o(.text)
    EXTI4_IRQHandler                         0x0800015f   Thumb Code     0  startup_stm32f10x_hd.o(.text)
    EXTI9_5_IRQHandler                       0x0800015f   Thumb Code     0  startup_stm32f10x_hd.o(.text)
    FLASH_IRQHandler                         0x0800015f   Thumb Code     0  startup_stm32f10x_hd.o(.text)
    FSMC_IRQHandler                          0x0800015f   Thumb Code     0  startup_stm32f10x_hd.o(.text)
    I2C1_ER_IRQHandler                       0x0800015f   Thumb Code     0  startup_stm32f10x_hd.o(.text)
    I2C1_EV_IRQHandler                       0x0800015f   Thumb Code     0  startup_stm32f10x_hd.o(.text)
    I2C2_ER_IRQHandler                       0x0800015f   Thumb Code     0  startup_stm32f10x_hd.o(.text)
    I2C2_EV_IRQHandler                       0x0800015f   Thumb Code     0  startup_stm32f10x_hd.o(.text)
    PVD_IRQHandler                           0x0800015f   Thumb Code     0  startup_stm32f10x_hd.o(.text)
    RCC_IRQHandler                           0x0800015f   Thumb Code     0  startup_stm32f10x_hd.o(.text)
    RTCAlarm_IRQHandler                      0x0800015f   Thumb Code     0  startup_stm32f10x_hd.o(.text)
    RTC_IRQHandler                           0x0800015f   Thumb Code     0  startup_stm32f10x_hd.o(.text)
    SDIO_IRQHandler                          0x0800015f   Thumb Code     0  startup_stm32f10x_hd.o(.text)
    SPI1_IRQHandler                          0x0800015f   Thumb Code     0  startup_stm32f10x_hd.o(.text)
    SPI2_IRQHandler                          0x0800015f   Thumb Code     0  startup_stm32f10x_hd.o(.text)
    SPI3_IRQHandler                          0x0800015f   Thumb Code     0  startup_stm32f10x_hd.o(.text)
    TAMPER_IRQHandler                        0x0800015f   Thumb Code     0  startup_stm32f10x_hd.o(.text)
    TIM1_BRK_IRQHandler                      0x0800015f   Thumb Code     0  startup_stm32f10x_hd.o(.text)
    TIM1_CC_IRQHandler                       0x0800015f   Thumb Code     0  startup_stm32f10x_hd.o(.text)
    TIM1_TRG_COM_IRQHandler                  0x0800015f   Thumb Code     0  startup_stm32f10x_hd.o(.text)
    TIM1_UP_IRQHandler                       0x0800015f   Thumb Code     0  startup_stm32f10x_hd.o(.text)
    TIM2_IRQHandler                          0x0800015f   Thumb Code     0  startup_stm32f10x_hd.o(.text)
    TIM3_IRQHandler                          0x0800015f   Thumb Code     0  startup_stm32f10x_hd.o(.text)
    TIM4_IRQHandler                          0x0800015f   Thumb Code     0  startup_stm32f10x_hd.o(.text)
    TIM5_IRQHandler                          0x0800015f   Thumb Code     0  startup_stm32f10x_hd.o(.text)
    TIM6_IRQHandler                          0x0800015f   Thumb Code     0  startup_stm32f10x_hd.o(.text)
    TIM7_IRQHandler                          0x0800015f   Thumb Code     0  startup_stm32f10x_hd.o(.text)
    TIM8_BRK_IRQHandler                      0x0800015f   Thumb Code     0  startup_stm32f10x_hd.o(.text)
    TIM8_CC_IRQHandler                       0x0800015f   Thumb Code     0  startup_stm32f10x_hd.o(.text)
    TIM8_TRG_COM_IRQHandler                  0x0800015f   Thumb Code     0  startup_stm32f10x_hd.o(.text)
    TIM8_UP_IRQHandler                       0x0800015f   Thumb Code     0  startup_stm32f10x_hd.o(.text)
    UART4_IRQHandler                         0x0800015f   Thumb Code     0  startup_stm32f10x_hd.o(.text)
    UART5_IRQHandler                         0x0800015f   Thumb Code     0  startup_stm32f10x_hd.o(.text)
    USART1_IRQHandler                        0x0800015f   Thumb Code     0  startup_stm32f10x_hd.o(.text)
    USART2_IRQHandler                        0x0800015f   Thumb Code     0  startup_stm32f10x_hd.o(.text)
    USART3_IRQHandler                        0x0800015f   Thumb Code     0  startup_stm32f10x_hd.o(.text)
    USBWakeUp_IRQHandler                     0x0800015f   Thumb Code     0  startup_stm32f10x_hd.o(.text)
    USB_HP_CAN1_TX_IRQHandler                0x0800015f   Thumb Code     0  startup_stm32f10x_hd.o(.text)
    USB_LP_CAN1_RX0_IRQHandler               0x0800015f   Thumb Code     0  startup_stm32f10x_hd.o(.text)
    WWDG_IRQHandler                          0x0800015f   Thumb Code     0  startup_stm32f10x_hd.o(.text)
    __scatterload                            0x08000169   Thumb Code    38  init.o(.text)
    __scatterload_rt2                        0x08000169   Thumb Code     0  init.o(.text)
    BusFault_Handler                         0x08000199   Thumb Code     4  stm32f10x_it.o(.text.BusFault_Handler)
    DebugMon_Handler                         0x0800019d   Thumb Code     2  stm32f10x_it.o(.text.DebugMon_Handler)
    HardFault_Handler                        0x080001a1   Thumb Code     4  stm32f10x_it.o(.text.HardFault_Handler)
    MemManage_Handler                        0x080001a5   Thumb Code     4  stm32f10x_it.o(.text.MemManage_Handler)
    NMI_Handler                              0x080001a9   Thumb Code     2  stm32f10x_it.o(.text.NMI_Handler)
    PendSV_Handler                           0x080001ad   Thumb Code     2  stm32f10x_it.o(.text.PendSV_Handler)
    SVC_Handler                              0x080001b1   Thumb Code     2  stm32f10x_it.o(.text.SVC_Handler)
    SysTick_Handler                          0x080002e1   Thumb Code     2  stm32f10x_it.o(.text.SysTick_Handler)
    SystemInit                               0x080002e5   Thumb Code   102  system_stm32f10x.o(.text.SystemInit)
    UsageFault_Handler                       0x0800034d   Thumb Code     4  stm32f10x_it.o(.text.UsageFault_Handler)
    main                                     0x08000351   Thumb Code    10  main.o(.text.main)
    __scatterload_copy                       0x0800035b   Thumb Code    14  handlers.o(i.__scatterload_copy)
    __scatterload_null                       0x08000369   Thumb Code     2  handlers.o(i.__scatterload_null)
    __scatterload_zeroinit                   0x0800036b   Thumb Code    14  handlers.o(i.__scatterload_zeroinit)
    Region$$Table$$Base                      0x08000378   Number         0  anon$$obj.o(Region$$Table)
    Region$$Table$$Limit                     0x08000388   Number         0  anon$$obj.o(Region$$Table)
    __initial_sp                             0x20000400   Data           0  startup_stm32f10x_hd.o(STACK)



==============================================================================

Memory Map of the image

  Image Entry point : 0x08000145

  Load Region LR_1 (Base: 0x08000000, Size: 0x00000388, Max: 0xffffffff, ABSOLUTE)

    Execution Region ER_RO (Exec base: 0x08000000, Load base: 0x08000000, Size: 0x00000388, Max: 0xffffffff, ABSOLUTE)

    Exec Addr    Load Addr    Size         Type   Attr      Idx    E Section Name        Object

    0x08000000   0x08000000   0x00000130   Data   RO           37    RESET               startup_stm32f10x_hd.o
    0x08000130   0x08000130   0x00000000   Code   RO          177  * .ARM.Collect$$$$00000000  mc_w.l(entry.o)
    0x08000130   0x08000130   0x00000004   Code   RO          180    .ARM.Collect$$$$00000001  mc_w.l(entry2.o)
    0x08000134   0x08000134   0x00000004   Code   RO          183    .ARM.Collect$$$$00000004  mc_w.l(entry5.o)
    0x08000138   0x08000138   0x00000000   Code   RO          185    .ARM.Collect$$$$00000008  mc_w.l(entry7b.o)
    0x08000138   0x08000138   0x00000000   Code   RO          187    .ARM.Collect$$$$0000000A  mc_w.l(entry8b.o)
    0x08000138   0x08000138   0x00000008   Code   RO          188    .ARM.Collect$$$$0000000B  mc_w.l(entry9a.o)
    0x08000140   0x08000140   0x00000000   Code   RO          190    .ARM.Collect$$$$0000000D  mc_w.l(entry10a.o)
    0x08000140   0x08000140   0x00000000   Code   RO          192    .ARM.Collect$$$$0000000F  mc_w.l(entry11a.o)
    0x08000140   0x08000140   0x00000004   Code   RO          181    .ARM.Collect$$$$00002712  mc_w.l(entry2.o)
    0x08000144   0x08000144   0x00000024   Code   RO           38  * .text               startup_stm32f10x_hd.o
    0x08000168   0x08000168   0x00000030   Code   RO          194    .text               mc_w.l(init.o)
    0x08000198   0x08000198   0x00000004   Code   RO            8    .text.BusFault_Handler  stm32f10x_it.o
    0x0800019c   0x0800019c   0x00000002   Code   RO           14    .text.DebugMon_Handler  stm32f10x_it.o
    0x0800019e   0x0800019e   0x00000002   PAD
    0x080001a0   0x080001a0   0x00000004   Code   RO            4    .text.HardFault_Handler  stm32f10x_it.o
    0x080001a4   0x080001a4   0x00000004   Code   RO            6    .text.MemManage_Handler  stm32f10x_it.o
    0x080001a8   0x080001a8   0x00000002   Code   RO            2    .text.NMI_Handler   stm32f10x_it.o
    0x080001aa   0x080001aa   0x00000002   PAD
    0x080001ac   0x080001ac   0x00000002   Code   RO           16    .text.PendSV_Handler  stm32f10x_it.o
    0x080001ae   0x080001ae   0x00000002   PAD
    0x080001b0   0x080001b0   0x00000002   Code   RO           12    .text.SVC_Handler   stm32f10x_it.o
    0x080001b2   0x080001b2   0x00000002   PAD
    0x080001b4   0x080001b4   0x00000008   Code   RO           47    .text.SetSysClock   system_stm32f10x.o
    0x080001bc   0x080001bc   0x00000122   Code   RO           51    .text.SetSysClockTo72  system_stm32f10x.o
    0x080002de   0x080002de   0x00000002   PAD
    0x080002e0   0x080002e0   0x00000002   Code   RO           18    .text.SysTick_Handler  stm32f10x_it.o
    0x080002e2   0x080002e2   0x00000002   PAD
    0x080002e4   0x080002e4   0x00000066   Code   RO           45    .text.SystemInit    system_stm32f10x.o
    0x0800034a   0x0800034a   0x00000002   PAD
    0x0800034c   0x0800034c   0x00000004   Code   RO           10    .text.UsageFault_Handler  stm32f10x_it.o
    0x08000350   0x08000350   0x0000000a   Code   RO           27    .text.main          main.o
    0x0800035a   0x0800035a   0x0000000e   Code   RO          198    i.__scatterload_copy  mc_w.l(handlers.o)
    0x08000368   0x08000368   0x00000002   Code   RO          199    i.__scatterload_null  mc_w.l(handlers.o)
    0x0800036a   0x0800036a   0x0000000e   Code   RO          200    i.__scatterload_zeroinit  mc_w.l(handlers.o)
    0x08000378   0x08000378   0x00000010   Data   RO          197    Region$$Table       anon$$obj.o


    Execution Region ER_RW (Exec base: 0x20000000, Load base: 0x08000388, Size: 0x00000000, Max: 0xffffffff, ABSOLUTE)

    **** No section assigned to this execution region ****


    Execution Region ER_ZI (Exec base: 0x20000000, Load base: 0x08000388, Size: 0x00000400, Max: 0xffffffff, ABSOLUTE)

    Exec Addr    Load Addr    Size         Type   Attr      Idx    E Section Name        Object

    0x20000000        -       0x00000400   Zero   RW           35    STACK               startup_stm32f10x_hd.o


==============================================================================

Image component sizes


      Code (inc. data)   RO Data    RW Data    ZI Data      Debug   Object Name

        10          0          0          0          0        345   main.o
        36          8        304          0       1024        800   startup_stm32f10x_hd.o
        26          0          0          0          0        964   stm32f10x_it.o
       400          0          0          0          0       2708   system_stm32f10x.o

    ----------------------------------------------------------------------
       486          8        320          0       1024       4817   Object Totals
         0          0         16          0          0          0   (incl. Generated)
        14          0          0          0          0          0   (incl. Padding)

    ----------------------------------------------------------------------

      Code (inc. data)   RO Data    RW Data    ZI Data      Debug   Library Member Name

         0          0          0          0          0          0   entry.o
         0          0          0          0          0          0   entry10a.o
         0          0          0          0          0          0   entry11a.o
         8          4          0          0          0          0   entry2.o
         4          0          0          0          0          0   entry5.o
         0          0          0          0          0          0   entry7b.o
         0          0          0          0          0          0   entry8b.o
         8          4          0          0          0          0   entry9a.o
        30          0          0          0          0          0   handlers.o
        48         10          0          0          0         68   init.o

    ----------------------------------------------------------------------
        98         18          0          0          0         68   Library Totals
         0          0          0          0          0          0   (incl. Padding)

    ----------------------------------------------------------------------

      Code (inc. data)   RO Data    RW Data    ZI Data      Debug   Library Name

        98         18          0          0          0         68   mc_w.l

    ----------------------------------------------------------------------
        98         18          0          0          0         68   Library Totals

    ----------------------------------------------------------------------

==============================================================================


      Code (inc. data)   RO Data    RW Data    ZI Data      Debug   

       584         26        320          0       1024       4997   Grand Totals
       584         26        320          0       1024       4997   ELF Image Totals
       584         26        320          0          0          0   ROM Totals

==============================================================================

    Total RO  Size (Code + RO Data)                  904 (   0.88kB)
    Total RW  Size (RW Data + ZI Data)              1024 (   1.00kB)
    Total ROM Size (Code + RO Data + RW Data)        904 (   0.88kB)

==============================================================================

